{"case": "resblock k=11", "L": 5120, "variant": "DRAM input, auto slicing", "prepared": 3.697049, "prepared, compute config": 1.9123126034659563e+29, "raw": 0.003946}
{"case": "resblock k=11", "L": 5120, "variant": "DRAM input, 2 slices", "prepared": 1.372493, "prepared, compute config": 1.454065, "raw": 0.003946}
{"case": "resblock k=11", "L": 5120, "variant": "DRAM input, 8 slices", "prepared": 1.362188, "prepared, compute config": 1.415538, "raw": 0.003946}
{"case": "resblock k=11", "L": 5120, "variant": "DRAM input, act_block_h_override=1024", "prepared": 1.337545, "prepared, compute config": 1.394575, "raw": 0.003946}
{"case": "resblock k=11", "L": 5120, "variant": "L1 input (no slicing)", "prepared": "RuntimeError: Statically allocated circular buffers on core range [0-0 - 7-6] grow to 1555776 B which is beyond max L1 size of 1499136 B\nb", "prepared, compute config": "RuntimeError: Statically allocated circular buffers on core range [0-0 - 7-6] grow to 1555776 B which is beyond max L1 size of 1499136 B\nb", "raw": "RuntimeError: Statically allocated circular buffers on core range [0-0 - 7-6] grow to 1555776 B which is beyond max L1 size of 1499136 B\nb"}
{"case": "resblock k=11 d=3", "L": 5120, "variant": "DRAM input, auto slicing", "prepared": Infinity, "prepared, compute config": Infinity, "raw": 0.003943}
{"case": "resblock k=11 d=3", "L": 5120, "variant": "DRAM input, 2 slices", "prepared": 1.365664, "prepared, compute config": Infinity, "raw": 0.003943}
{"case": "resblock k=11 d=3", "L": 5120, "variant": "DRAM input, 8 slices", "prepared": 1.363353, "prepared, compute config": 1.422313, "raw": 0.003943}
{"case": "resblock k=11 d=3", "L": 5120, "variant": "DRAM input, act_block_h_override=1024", "prepared": 1.336705, "prepared, compute config": 1.398482, "raw": 0.003943}
{"case": "resblock k=11 d=3", "L": 5120, "variant": "L1 input (no slicing)", "prepared": "RuntimeError: Statically allocated circular buffers on core range [0-0 - 7-6] grow to 1555776 B which is beyond max L1 size of 1499136 B\nb", "prepared, compute config": "RuntimeError: Statically allocated circular buffers on core range [0-0 - 7-6] grow to 1555776 B which is beyond max L1 size of 1499136 B\nb", "raw": "RuntimeError: Statically allocated circular buffers on core range [0-0 - 7-6] grow to 1555776 B which is beyond max L1 size of 1499136 B\nb"}
{"case": "source_downs[0] k=30 s=15", "L": 76801, "variant": "DRAM input, auto slicing", "prepared": 1.230602, "prepared, compute config": 1.230602, "raw": 0.003962}
{"case": "source_downs[0] k=30 s=15", "L": 76801, "variant": "DRAM input, 2 slices", "prepared": 1.230602, "prepared, compute config": 1.230602, "raw": 0.003962}
{"case": "source_downs[0] k=30 s=15", "L": 76801, "variant": "DRAM input, 8 slices", "prepared": 1.231125, "prepared, compute config": 1.231125, "raw": 0.003962}
{"case": "source_downs[0] k=30 s=15", "L": 76801, "variant": "DRAM input, act_block_h_override=1024", "prepared": 1.252258, "prepared, compute config": 1.25274, "raw": 0.003962}
{"case": "source_downs[0] k=30 s=15", "L": 76801, "variant": "L1 input (no slicing)", "prepared": "RuntimeError: Statically allocated circular buffers in program 322 clash with L1 buffers on core range [0-0 - 7-6]. L1 buffer allocated at", "prepared, compute config": "RuntimeError: Statically allocated circular buffers in program 322 clash with L1 buffers on core range [0-0 - 7-6]. L1 buffer allocated at", "raw": "RuntimeError: Statically allocated circular buffers in program 322 clash with L1 buffers on core range [0-0 - 7-6]. L1 buffer allocated at"}
{"case": "source_downs[1] k=6 s=3", "L": 107521, "variant": "DRAM input, auto slicing", "prepared": 1.153199, "prepared, compute config": 1.153199, "raw": 0.003912}
{"case": "source_downs[1] k=6 s=3", "L": 107521, "variant": "DRAM input, 2 slices", "prepared": 1.153199, "prepared, compute config": 1.153199, "raw": 0.003912}
{"case": "source_downs[1] k=6 s=3", "L": 107521, "variant": "DRAM input, 8 slices", "prepared": 1.153218, "prepared, compute config": 1.153218, "raw": 0.003912}
{"case": "source_downs[1] k=6 s=3", "L": 107521, "variant": "DRAM input, act_block_h_override=1024", "prepared": 1.271412, "prepared, compute config": 1.271576, "raw": 0.003912}
{"case": "source_downs[1] k=6 s=3", "L": 107521, "variant": "L1 input (no slicing)", "prepared": "RuntimeError: Statically allocated circular buffers in program 422 clash with L1 buffers on core range [0-0 - 7-7]. L1 buffer allocated at", "prepared, compute config": "RuntimeError: Statically allocated circular buffers in program 422 clash with L1 buffers on core range [0-0 - 7-7]. L1 buffer allocated at", "raw": "RuntimeError: Statically allocated circular buffers in program 422 clash with L1 buffers on core range [0-0 - 7-7]. L1 buffer allocated at"}
{"case": "resblock k=11, L=10240", "L": 10240, "variant": "DRAM input, auto slicing", "prepared": 0.00395, "prepared, compute config": 0.00395, "raw": 0.00395}
{"case": "resblock k=11, L=10240", "L": 10240, "variant": "DRAM input, 2 slices", "prepared": "RuntimeError: Statically allocated circular buffers on core range [0-0 - 7-6] grow to 1555776 B which is beyond max L1 size of 1499136 B\nb", "prepared, compute config": "RuntimeError: Statically allocated circular buffers on core range [0-0 - 7-6] grow to 1555776 B which is beyond max L1 size of 1499136 B\nb", "raw": "RuntimeError: Statically allocated circular buffers on core range [0-0 - 7-6] grow to 1555776 B which is beyond max L1 size of 1499136 B\nb"}
{"case": "resblock k=11, L=10240", "L": 10240, "variant": "DRAM input, 8 slices", "prepared": 1.426216, "prepared, compute config": 1.438745, "raw": 0.00395}
{"case": "resblock k=11, L=10240", "L": 10240, "variant": "DRAM input, act_block_h_override=1024", "prepared": 1.370356, "prepared, compute config": 1.370356, "raw": 0.00395}
{"case": "resblock k=11, L=10240", "L": 10240, "variant": "L1 input (no slicing)", "prepared": "RuntimeError: Statically allocated circular buffers on core range [0-0 - 7-7] grow to 2276672 B which is beyond max L1 size of 1499136 B\nb", "prepared, compute config": "RuntimeError: Statically allocated circular buffers on core range [0-0 - 7-7] grow to 2276672 B which is beyond max L1 size of 1499136 B\nb", "raw": "RuntimeError: Statically allocated circular buffers on core range [0-0 - 7-7] grow to 2276672 B which is beyond max L1 size of 1499136 B\nb"}
{"case": "source_downs[0], L=61441", "L": 61441, "variant": "DRAM input, auto slicing", "prepared": 0.001851, "prepared, compute config": 0.001851, "raw": 0.001851}
{"case": "source_downs[0], L=61441", "L": 61441, "variant": "DRAM input, 2 slices", "prepared": 1.230299, "prepared, compute config": 1.230299, "raw": 0.003964}
{"case": "source_downs[0], L=61441", "L": 61441, "variant": "DRAM input, 8 slices", "prepared": 1.252019, "prepared, compute config": 1.252351, "raw": 0.003964}
{"case": "source_downs[0], L=61441", "L": 61441, "variant": "DRAM input, act_block_h_override=1024", "prepared": 1.252449, "prepared, compute config": 1.252371, "raw": 0.003964}
{"case": "source_downs[0], L=61441", "L": 61441, "variant": "L1 input (no slicing)", "prepared": 0.001851, "prepared, compute config": 0.001851, "raw": 0.001851}
