2026-09-27 09:20:04.364 | DEBUG    | ttnn:<module>:45 - Initial ttnn.CONFIG:
Config{cache_path=/home/user/.cache/ttnn,model_cache_path=/home/user/.cache/ttnn/models,tmp_dir=/tmp/ttnn,enable_model_cache=false,enable_fast_runtime_mode=true,validate_program_args=false,throw_exception_on_fallback=false,enable_logging=false,enable_graph_report=false,enable_graph_python_stack_traces=false,enable_detailed_buffer_report=false,enable_detailed_tensor_report=false,enable_comparison_mode=false,comparison_mode_should_raise_exception=false,comparison_mode_pcc=0.9999,root_report_path=generated/ttnn/reports,report_name=std::nullopt,std::nullopt}
/home/user/tt-metal/python_env/lib/python3.10/site-packages/librosa/core/intervals.py:8: UserWarning: pkg_resources is deprecated as an API. See https://setuptools.pypa.io/en/latest/pkg_resources.html. The pkg_resources package is slated for removal as early as 2025-11-30. Refrain from using this package or pin to Setuptools<81.
  from pkg_resources import resource_filename
2026-09-27 09:20:07.724 | info     |          Device | Opening user mode device driver (tt_cluster.cpp:224)
2026-09-27 09:20:07.724 | info     |             UMD | Cluster constructor started. (cluster.cpp:406)
2026-09-27 09:20:07.724 | info     |             UMD | Creating TopologyDiscovery for architecture: wormhole_b0 (topology_discovery.cpp:96)
2026-09-27 09:20:07.724 | info     |             UMD | Starting topology discovery. (topology_discovery.cpp:115)
2026-09-27 09:20:07.726 | info     |             UMD | Established firmware bundle version: 19.11.0 (topology_discovery.cpp:576)
2026-09-27 09:20:07.726 | info     |             UMD | Completed topology discovery. (topology_discovery.cpp:119)
2026-09-27 09:20:07.830 | info     |             UMD | Opening local chip ids/PCIe ids: {0}/[1] and remote chip ids {} (cluster.cpp:173)
2026-09-27 09:20:07.830 | info     |             UMD | IOMMU: disabled (cluster.cpp:147)
2026-09-27 09:20:07.830 | info     |             UMD | KMD version: 2.3.0 (cluster.cpp:150)
2026-09-27 09:20:07.830 | info     |             UMD | Cluster constructor completed. (cluster.cpp:665)
2026-09-27 09:20:07.831 | info     |             UMD | Starting devices in cluster (cluster.cpp:1205)
2026-09-27 09:20:07.834 | info     |             UMD | Starting devices in cluster completed. (cluster.cpp:1213)
2026-09-27 09:20:07.953 | info     |     Distributed | Using auto discovery to generate mesh graph. (metal_env.cpp:422)
2026-09-27 09:20:07.953 | info     |     Distributed | Constructing control plane using auto-discovery (no mesh graph descriptor). (metal_env.cpp:484)
2026-09-27 09:20:07.953 | warning  |          Always | Unknown motherboard 'H12DSG-O-CPU' for chip_id=0 (bus_id=0x41) — falling back to bus_id as tray_id. Add this motherboard and its bus IDs to mobo_to_bus_ids in physical_system_discovery.cpp. (physical_system_discovery.cpp:119)
2026-09-27 09:20:07.953 | info     |          Fabric | Logical multi-mesh adjacency: intermesh degree histogram {0:1}; intra-mesh degree histograms mesh0 {0:1} (topology_mapper_utils.cpp:3368)
2026-09-27 09:20:07.953 | info     |          Fabric | Physical multi-mesh adjacency: intermesh degree histogram {0:1}; intra-mesh degree histograms mesh0 {0:1} (topology_mapper_utils.cpp:3376)
2026-09-27 09:20:28.171 | warning  |              Op | On Wormhole with fp32 accumulation, output accuracy can be worse with HiFi4 than HiFi3 due to a hardware bug. Prefer using HiFi3 with fp32 accumulation on Wormhole. (compute_kernel_config.cpp:66)
2026-09-27 09:20:46.470 | WARNING  | models.demos.audio.cosyvoice2.tt.hifigan.conv:_verify_and_resolve:412 - fast conv path disagrees with the raw-weight/safe-config reference at Conv1d(18->256, k=30, s=15) length 1921; relative error vs float64 host conv: prepared weight + accurate config 0.0007977, raw weight + safe config 1.203, raw weight + accurate config 0.0007977 -> using prepared weight + accurate config
2026-09-27 09:22:05.114 | WARNING  | models.demos.audio.cosyvoice2.tt.hifigan.conv:_verify_and_resolve:412 - fast conv path disagrees with the raw-weight/safe-config reference at Conv1d(64->64, k=11, s=1) length 1921; relative error vs float64 host conv: prepared weight + accurate config 0.002699, raw weight + safe config 0.09549, raw weight + accurate config 0.002699 -> using prepared weight + accurate config
utterance: 495 mel frames
| mel_frames | window | voiced | F0 max|dTT-torch| Hz | arm | PCC | max|diff| | whole-wave max|ref| |
|---|---|---|---|---|---|---|---|
| 16 | [28,44) | 15/16 | 3.56 | own F0 | 0.404023 | 0.8783 | 0.659 |
| 16 | [28,44) | 15/16 | 3.56 | torch F0 injected | 0.999894 | 0.02587 | 0.659 |
2026-09-27 09:24:33.191 | WARNING  | models.demos.audio.cosyvoice2.tt.hifigan.conv:_verify_and_resolve:412 - fast conv path disagrees with the raw-weight/safe-config reference at Conv1d(128->128, k=11, s=1) length 4320; relative error vs float64 host conv: prepared weight + accurate config inf, raw weight + safe config 0.008807, raw weight + accurate config 0.00371 -> using raw weight + accurate config
2026-09-27 09:24:33.254 | WARNING  | models.demos.audio.cosyvoice2.tt.hifigan.conv:_verify_and_resolve:412 - fast conv path disagrees with the raw-weight/safe-config reference at Conv1d(128->128, k=11, s=1) length 4320; relative error vs float64 host conv: prepared weight + accurate config inf, raw weight + safe config 0.00941, raw weight + accurate config 0.004031 -> using raw weight + accurate config
2026-09-27 09:24:41.593 | WARNING  | models.demos.audio.cosyvoice2.tt.hifigan.conv:_verify_and_resolve:412 - fast conv path disagrees with the raw-weight/safe-config reference at Conv1d(128->128, k=11, s=1) length 4320; relative error vs float64 host conv: prepared weight + accurate config inf, raw weight + safe config 0.007936, raw weight + accurate config 0.003756 -> using raw weight + accurate config
2026-09-27 09:24:41.667 | WARNING  | models.demos.audio.cosyvoice2.tt.hifigan.conv:_verify_and_resolve:412 - fast conv path disagrees with the raw-weight/safe-config reference at Conv1d(128->128, k=11, s=1) length 4320; relative error vs float64 host conv: prepared weight + accurate config inf, raw weight + safe config 0.009798, raw weight + accurate config 0.003923 -> using raw weight + accurate config
2026-09-27 09:24:50.025 | WARNING  | models.demos.audio.cosyvoice2.tt.hifigan.conv:_verify_and_resolve:412 - fast conv path disagrees with the raw-weight/safe-config reference at Conv1d(128->128, k=11, s=1) length 4320; relative error vs float64 host conv: prepared weight + accurate config inf, raw weight + safe config 0.007822, raw weight + accurate config 0.003635 -> using raw weight + accurate config
2026-09-27 09:24:50.094 | WARNING  | models.demos.audio.cosyvoice2.tt.hifigan.conv:_verify_and_resolve:412 - fast conv path disagrees with the raw-weight/safe-config reference at Conv1d(128->128, k=11, s=1) length 4320; relative error vs float64 host conv: prepared weight + accurate config inf, raw weight + safe config 0.007829, raw weight + accurate config 0.003553 -> using raw weight + accurate config
2026-09-27 09:25:08.084 | WARNING  | models.demos.audio.cosyvoice2.tt.hifigan.conv:_verify_and_resolve:412 - fast conv path disagrees with the raw-weight/safe-config reference at Conv1d(64->64, k=11, s=1) length 12961; relative error vs float64 host conv: prepared weight + accurate config 0.005851, raw weight + safe config 0.1004, raw weight + accurate config 0.005851 -> using prepared weight + accurate config
| 108 | [84,192) | 103/108 | 0.487 | own F0 | 0.348742 | 0.4276 | 0.39 |
| 108 | [84,192) | 103/108 | 0.487 | torch F0 injected | 0.999624 | 0.02726 | 0.39 |
2026-09-27 09:28:03.752 | WARNING  | models.demos.audio.cosyvoice2.tt.hifigan.conv:_verify_and_resolve:412 - fast conv path disagrees with the raw-weight/safe-config reference at Conv1d(128->128, k=11, s=1) length 8320; relative error vs float64 host conv: prepared weight + accurate config inf, raw weight + safe config 0.008877, raw weight + accurate config 0.003708 -> using raw weight + accurate config
2026-09-27 09:28:03.847 | WARNING  | models.demos.audio.cosyvoice2.tt.hifigan.conv:_verify_and_resolve:412 - fast conv path disagrees with the raw-weight/safe-config reference at Conv1d(128->128, k=11, s=1) length 8320; relative error vs float64 host conv: prepared weight + accurate config inf, raw weight + safe config 0.009419, raw weight + accurate config 0.004034 -> using raw weight + accurate config
2026-09-27 09:28:16.430 | WARNING  | models.demos.audio.cosyvoice2.tt.hifigan.conv:_verify_and_resolve:412 - fast conv path disagrees with the raw-weight/safe-config reference at Conv1d(128->128, k=11, s=1) length 8320; relative error vs float64 host conv: prepared weight + accurate config inf, raw weight + safe config 0.007972, raw weight + accurate config 0.003773 -> using raw weight + accurate config
2026-09-27 09:28:16.518 | WARNING  | models.demos.audio.cosyvoice2.tt.hifigan.conv:_verify_and_resolve:412 - fast conv path disagrees with the raw-weight/safe-config reference at Conv1d(128->128, k=11, s=1) length 8320; relative error vs float64 host conv: prepared weight + accurate config inf, raw weight + safe config 0.00973, raw weight + accurate config 0.005186 -> using raw weight + accurate config
2026-09-27 09:28:29.146 | WARNING  | models.demos.audio.cosyvoice2.tt.hifigan.conv:_verify_and_resolve:412 - fast conv path disagrees with the raw-weight/safe-config reference at Conv1d(128->128, k=11, s=1) length 8320; relative error vs float64 host conv: prepared weight + accurate config inf, raw weight + safe config 0.007845, raw weight + accurate config 0.003641 -> using raw weight + accurate config
2026-09-27 09:28:29.248 | WARNING  | models.demos.audio.cosyvoice2.tt.hifigan.conv:_verify_and_resolve:412 - fast conv path disagrees with the raw-weight/safe-config reference at Conv1d(128->128, k=11, s=1) length 8320; relative error vs float64 host conv: prepared weight + accurate config inf, raw weight + safe config 0.00779, raw weight + accurate config 0.003558 -> using raw weight + accurate config
2026-09-27 09:28:53.288 | WARNING  | models.demos.audio.cosyvoice2.tt.hifigan.conv:_verify_and_resolve:412 - fast conv path disagrees with the raw-weight/safe-config reference at Conv1d(64->64, k=11, s=1) length 24961; relative error vs float64 host conv: prepared weight + accurate config 0.005848, raw weight + safe config 0.1009, raw weight + accurate config 0.005848 -> using prepared weight + accurate config
| 208 | [28,236) | 194/208 | 7.37 | own F0 | 0.115158 | 0.9697 | 0.757 |
| 208 | [28,236) | 194/208 | 7.37 | torch F0 injected | 0.999529 | 0.0547 | 0.757 |
2026-09-27 09:29:56.572 | info     |    BuildKernels | JIT cache stats: 320/2053 hits (15.6%) [320 cached, 1422 build-once dedup, 0 merged artifacts, 0 merged genfiles] (build_cache_telemetry.cpp:207)
2026-09-27 09:29:56.572 | info     |    BuildKernels | JIT telemetry: 3 registered TelemetryTokens (build_cache_telemetry.cpp:230)
2026-09-27 09:29:56.589 | info     |          Device | Closing user mode device drivers (tt_cluster.cpp:550)
2026-09-27 09:29:56.589 | info     |             UMD | Closing devices in cluster (cluster.cpp:1218)
2026-09-27 09:29:56.593 | info     |             UMD | Closing devices in cluster completed. (cluster.cpp:1227)
2026-09-27 09:29:56.593 | info     |             UMD | Cluster destructor started. (cluster.cpp:933)
2026-09-27 09:29:56.593 | info     |             UMD | Cluster destructor completed. (cluster.cpp:936)
