2026-09-30 11:33:32 started tt_steps (log /home/user/data/cosyvoice2_runs/0930/tt_steps.log)
2026-09-30 11:59:48 tt_steps exited 0
warm-ups 337.1 s
10 steps against D43's draws: 60 of 60 wavs identical
2026-09-30 11:59:48 started ref_steps8 (log /home/user/data/cosyvoice2_runs/0930/ref_steps8.log)
2026-09-30 11:59:48 started ref_steps6 (log /home/user/data/cosyvoice2_runs/0930/ref_steps6.log)
2026-09-30 11:59:48 started ref_steps5 (log /home/user/data/cosyvoice2_runs/0930/ref_steps5.log)
2026-09-30 12:55:50 ref_steps8 exited 0
2026-09-30 12:55:50 ref_steps6 exited 0
2026-09-30 12:55:50 ref_steps5 exited 0
2026-09-30 12:55:50 started score_steps (log /home/user/data/cosyvoice2_runs/0930/score_steps.log)
2026-09-30 13:35:36 score_steps exited 0
WER % and SIM, mean (range) over the draws:

| case | words | WER TT stage1 10 | WER reference stage1 10 | WER TT stage1 8 | WER reference stage1 8 | WER TT stage1 6 | WER reference stage1 6 | WER TT stage1 5 | WER reference stage1 5 | WER TT stream 10 | WER reference stream 10 | WER TT stream 8 | WER reference stream 8 | WER TT stream 6 | WER reference stream 6 | WER TT stream 5 | WER reference stream 5 | SIM TT stage1 10 | SIM reference stage1 10 | SIM TT stage1 8 | SIM reference stage1 8 | SIM TT stage1 6 | SIM reference stage1 6 | SIM TT stage1 5 | SIM reference stage1 5 | SIM TT stream 10 | SIM reference stream 10 | SIM TT stream 8 | SIM reference stream 8 | SIM TT stream 6 | SIM reference stream 6 | SIM TT stream 5 | SIM reference stream 5 |
|---|---|---|---|---|---|---|---|---|---|---|---|---|---|---|---|---|---|---|---|---|---|---|---|---|---|---|---|---|---|---|---|---|---|
| zero_shot_121-127105-0003 | 18 | 0.00 (0.00-0.00) | 0.00 (0.00-0.00) | 0.00 (0.00-0.00) | 0.00 (0.00-0.00) | 0.00 (0.00-0.00) | 0.00 (0.00-0.00) | 0.00 (0.00-0.00) | 0.00 (0.00-0.00) | 0.00 (0.00-0.00) | 0.00 (0.00-0.00) | 0.00 (0.00-0.00) | 0.00 (0.00-0.00) | 0.00 (0.00-0.00) | 0.00 (0.00-0.00) | 0.00 (0.00-0.00) | 0.00 (0.00-0.00) | 94.75 (94.68-94.87) | 94.36 (94.33-94.41) | 94.82 (94.78-94.88) | 94.21 (94.19-94.23) | 94.39 (94.33-94.45) | 94.02 (94.00-94.05) | 94.20 (94.13-94.27) | 94.53 (94.52-94.53) | 94.53 (94.48-94.61) | 95.11 (95.08-95.14) | 94.75 (94.63-94.90) | 95.07 (95.02-95.14) | 94.75 (94.66-94.82) | 95.02 (94.96-95.07) | 94.71 (94.59-94.87) | 94.56 (94.47-94.64) |
| zero_shot_121-127105-0015 | 10 | 0.00 (0.00-0.00) | 0.00 (0.00-0.00) | 0.00 (0.00-0.00) | 0.00 (0.00-0.00) | 0.00 (0.00-0.00) | 0.00 (0.00-0.00) | 0.00 (0.00-0.00) | 0.00 (0.00-0.00) | 0.00 (0.00-0.00) | 0.00 (0.00-0.00) | 0.00 (0.00-0.00) | 0.00 (0.00-0.00) | 0.00 (0.00-0.00) | 0.00 (0.00-0.00) | 0.00 (0.00-0.00) | 0.00 (0.00-0.00) | 94.68 (94.57-94.77) | 92.59 (92.56-92.61) | 94.53 (94.35-94.64) | 93.04 (93.02-93.07) | 94.68 (94.58-94.73) | 92.04 (92.01-92.06) | 95.11 (95.00-95.21) | 92.47 (92.44-92.49) | 93.40 (93.28-93.59) | 93.72 (93.67-93.76) | 94.63 (94.55-94.74) | 94.23 (94.13-94.30) | 94.44 (94.35-94.55) | 94.34 (94.27-94.39) | 94.55 (94.50-94.61) | 94.49 (94.47-94.53) |
| zero_shot_121-127105-0024 | 48 | 0.00 (0.00-0.00) | 0.00 (0.00-0.00) | 0.00 (0.00-0.00) | 0.00 (0.00-0.00) | 0.00 (0.00-0.00) | 0.00 (0.00-0.00) | 0.00 (0.00-0.00) | 0.00 (0.00-0.00) | 0.00 (0.00-0.00) | 0.00 (0.00-0.00) | 0.00 (0.00-0.00) | 0.00 (0.00-0.00) | 0.00 (0.00-0.00) | 0.00 (0.00-0.00) | 0.00 (0.00-0.00) | 0.00 (0.00-0.00) | 93.51 (93.47-93.54) | 93.93 (93.90-93.96) | 93.59 (93.56-93.61) | 93.71 (93.69-93.75) | 93.13 (93.10-93.17) | 93.82 (93.80-93.84) | 93.26 (93.22-93.29) | 93.76 (93.71-93.79) | 93.84 (93.82-93.87) | 93.39 (93.38-93.40) | 93.00 (92.95-93.06) | 93.18 (93.17-93.18) | 93.08 (93.03-93.11) | 92.75 (92.72-92.77) | 93.13 (93.09-93.18) | 92.84 (92.82-92.87) |
| zero_shot_260-123286-0014 | 7 | 0.00 (0.00-0.00) | 14.29 (14.29-14.29) | 0.00 (0.00-0.00) | 14.29 (14.29-14.29) | 0.00 (0.00-0.00) | 14.29 (14.29-14.29) | 0.00 (0.00-0.00) | 14.29 (14.29-14.29) | 0.00 (0.00-0.00) | 0.00 (0.00-0.00) | 0.00 (0.00-0.00) | 0.00 (0.00-0.00) | 0.00 (0.00-0.00) | 0.00 (0.00-0.00) | 0.00 (0.00-0.00) | 0.00 (0.00-0.00) | 95.91 (95.88-95.92) | 95.85 (95.77-95.89) | 96.18 (96.17-96.21) | 95.72 (95.69-95.77) | 95.93 (95.88-95.99) | 96.09 (95.99-96.16) | 96.46 (96.44-96.51) | 96.74 (96.71-96.79) | 96.42 (96.38-96.52) | 96.10 (96.07-96.13) | 96.25 (96.17-96.33) | 95.90 (95.88-95.92) | 95.99 (95.93-96.04) | 96.00 (95.97-96.04) | 96.47 (96.39-96.55) | 96.51 (96.48-96.56) |
| zero_shot_260-123440-0002 | 44 | 2.27 (2.27-2.27) | 0.00 (0.00-0.00) | 2.27 (2.27-2.27) | 0.00 (0.00-0.00) | 2.27 (2.27-2.27) | 0.00 (0.00-0.00) | 2.27 (2.27-2.27) | 0.00 (0.00-0.00) | 2.27 (2.27-2.27) | 2.27 (2.27-2.27) | 2.27 (2.27-2.27) | 2.27 (2.27-2.27) | 2.27 (2.27-2.27) | 2.27 (2.27-2.27) | 2.27 (2.27-2.27) | 2.27 (2.27-2.27) | 98.29 (98.27-98.33) | 97.74 (97.72-97.74) | 98.26 (98.22-98.30) | 97.72 (97.71-97.74) | 98.21 (98.18-98.23) | 97.75 (97.74-97.76) | 98.19 (98.13-98.23) | 97.71 (97.70-97.72) | 98.47 (98.42-98.50) | 98.60 (98.59-98.61) | 98.37 (98.34-98.39) | 98.35 (98.34-98.35) | 98.51 (98.49-98.53) | 98.43 (98.41-98.45) | 98.53 (98.51-98.55) | 98.46 (98.45-98.46) |
| zero_shot_260-123440-0010 | 20 | 0.00 (0.00-0.00) | 0.00 (0.00-0.00) | 0.00 (0.00-0.00) | 0.00 (0.00-0.00) | 0.00 (0.00-0.00) | 0.00 (0.00-0.00) | 0.00 (0.00-0.00) | 0.00 (0.00-0.00) | 0.00 (0.00-0.00) | 0.00 (0.00-0.00) | 0.00 (0.00-0.00) | 0.00 (0.00-0.00) | 0.00 (0.00-0.00) | 0.00 (0.00-0.00) | 0.00 (0.00-0.00) | 0.00 (0.00-0.00) | 98.19 (98.16-98.21) | 96.87 (96.85-96.94) | 98.28 (98.24-98.31) | 97.22 (97.16-97.25) | 98.30 (98.24-98.37) | 96.84 (96.82-96.89) | 98.24 (98.13-98.30) | 97.31 (97.26-97.34) | 98.32 (98.29-98.37) | 98.44 (98.39-98.47) | 98.45 (98.37-98.49) | 98.47 (98.41-98.50) | 98.43 (98.38-98.49) | 98.65 (98.63-98.70) | 98.46 (98.42-98.50) | 98.53 (98.51-98.54) |
| **corpus** | | **0.68 (0.68-0.68)** | **0.68 (0.68-0.68)** | **0.68 (0.68-0.68)** | **0.68 (0.68-0.68)** | **0.68 (0.68-0.68)** | **0.68 (0.68-0.68)** | **0.68 (0.68-0.68)** | **0.68 (0.68-0.68)** | **0.68 (0.68-0.68)** | **0.68 (0.68-0.68)** | **0.68 (0.68-0.68)** | **0.68 (0.68-0.68)** | **0.68 (0.68-0.68)** | **0.68 (0.68-0.68)** | **0.68 (0.68-0.68)** | **0.68 (0.68-0.68)** | **95.88 (95.84-95.92)** | **95.22 (95.21-95.24)** | **95.95 (95.92-95.96)** | **95.27 (95.26-95.28)** | **95.77 (95.76-95.80)** | **95.09 (95.07-95.10)** | **95.91 (95.87-95.94)** | **95.42 (95.41-95.43)** | **95.83 (95.81-95.87)** | **95.89 (95.87-95.91)** | **95.91 (95.85-95.95)** | **95.87 (95.85-95.89)** | **95.87 (95.84-95.91)** | **95.86 (95.85-95.88)** | **95.98 (95.96-96.01)** | **95.90 (95.88-95.92)** |

wrote /home/user/data/cosyvoice2_runs/0930/steps.json
