2026-09-30 04:31:14 started gate_after (log /home/user/data/cosyvoice2_runs/0930/gate_after.log)
2026-09-30 05:01:45 gate_after exited 1
binaries compiled by gate_after: 3222
| zero_shot_121-127105-0003 | 426 / 512 | -64.5 / -65.0 | 0.99906 | 0.99862 | 1.39e-01 |
| zero_shot_121-127105-0015 | 190 / 256 | -88.1 / -88.9 | 0.99927 | 0.99786 | 9.15e-02 |
| zero_shot_260-123286-0014 | 150 / 256 | -62.7 / -63.1 | 0.99968 | 0.99879 | 3.03e-02 |
| zero_shot_260-123440-0010 | 404 / 512 | -51.5 / -51.9 | 0.99939 | 0.99751 | 4.63e-02 |
| zero_shot_121-127105-0003 | 0 | 0 | 32 | 0.0123 | 0.0860 | 0.99967 | nan |
| zero_shot_121-127105-0003 | 1 | 32 | 50 | 0.0144 | 0.0668 | 0.99942 | 0.99986 |
| zero_shot_121-127105-0003 | 2 | 82 | 100 | 0.0126 | 0.0378 | 0.99949 | 0.99976 |
| zero_shot_121-127105-0003 | 3 (final) | 182 | 31 | 0.0137 | 0.0000 | 0.99963 | 0.99983 |; last 20 ms: -64.6 dBFS, upstream -64.9
| zero_shot_121-127105-0015 | 0 | 0 | 32 | 0.0140 | 0.0529 | 0.99968 | nan |
| zero_shot_121-127105-0015 | 1 | 32 | 50 | 0.0122 | 0.1154 | 0.99960 | 0.99954 |
| zero_shot_121-127105-0015 | 2 (final) | 82 | 13 | 0.0085 | 0.0000 | 0.99696 | 0.99982 |; last 20 ms: -88.4 dBFS, upstream -88.8
| zero_shot_121-127105-0024 | 0 | 0 | 32 | 0.0113 | 0.0923 | 0.99976 | nan |
| zero_shot_121-127105-0024 | 1 | 32 | 50 | 0.0142 | 0.1299 | 0.99967 | 0.99976 |
| zero_shot_121-127105-0024 | 2 | 82 | 100 | 0.0129 | 0.0682 | 0.99948 | 0.99984 |
| zero_shot_121-127105-0024 | 3 | 182 | 100 | 0.0182 | 0.0413 | 0.99936 | 0.99900 |
| zero_shot_121-127105-0024 | 4 (final) | 282 | 65 | 0.0117 | 0.0000 | 0.99931 | 0.99948 |; last 20 ms: -67.7 dBFS, upstream -68.0
| zero_shot_260-123286-0014 | 0 | 0 | 25 | 0.0094 | 0.0216 | 0.99985 | nan |
| zero_shot_260-123286-0014 | 1 (final) | 25 | 50 | 0.0095 | 0.0000 | 0.99979 | 0.99985 |; last 20 ms: -63.2 dBFS, upstream -63.4
| zero_shot_260-123440-0002 | 0 | 0 | 25 | 0.0096 | 0.0429 | 0.99969 | nan |
| zero_shot_260-123440-0002 | 1 | 25 | 50 | 0.0085 | 0.0294 | 0.99977 | 0.99975 |
| zero_shot_260-123440-0002 | 2 | 75 | 100 | 0.0095 | 0.0313 | 0.99961 | 0.99962 |
| zero_shot_260-123440-0002 | 3 | 175 | 100 | 0.0110 | 0.0811 | 0.99965 | 0.99970 |
| zero_shot_260-123440-0002 | 4 (final) | 275 | 42 | 0.0150 | 0.0000 | 0.99978 | 0.99985 |; last 20 ms: -81.1 dBFS, upstream -81.6
| zero_shot_260-123440-0010 | 0 | 0 | 25 | 0.0088 | 0.0321 | 0.99975 | nan |
| zero_shot_260-123440-0010 | 1 | 25 | 50 | 0.0091 | 0.0443 | 0.99960 | 0.99989 |
| zero_shot_260-123440-0010 | 2 | 75 | 100 | 0.0102 | 0.0366 | 0.99967 | 0.99982 |
| zero_shot_260-123440-0010 | 3 (final) | 175 | 27 | 0.0098 | 0.0000 | 0.99970 | 0.99962 |; last 20 ms: -51.7 dBFS, upstream -51.9
  zero_shot_260-123286-0014: 180 tokens, 4 chunks, 3 ready during generation; first audio 1.353 s, RTF 0.928
    chunk offset 0 hop 25: start 0.379 s, flow 0.855 s (CFM 0.679), HiFT 0.119 s, ready 1.353 s
    chunk offset 25 hop 50: start 1.829 s, flow 0.857 s (CFM 0.678), HiFT 0.114 s, ready 2.800 s
    chunk offset 75 hop 100: start 3.762 s, flow 1.308 s (CFM 0.892), HiFT 0.182 s, ready 5.252 s
    chunk offset 175 hop 5 (final): start 5.282 s, flow 1.262 s (CFM 0.864), HiFT 0.140 s, ready 6.684 s
E               AssertionError: ['zero_shot_121-127105-0015 chunk 2: HiFT PCC 0.99696']
E               assert not ['zero_shot_121-127105-0015 chunk 2: HiFT PCC 0.99696']
============ 1 failed, 19 passed, 7 warnings in 1814.89s (0:30:14) =============
2026-09-30 05:01:48 started hift_regress (log /home/user/data/cosyvoice2_runs/0930/hift_regress.log)
2026-09-30 05:04:03 hift_regress exited 0
binaries compiled by hift_regress: 0
  the no-crossfade control failed the seam gate at 9 seams, passed it at: []
================== 76 passed, 3 warnings in 109.76s (0:01:49) ==================
