2026-09-30 00:13:42 started tail_ab (log /home/user/data/cosyvoice2_runs/0930/tail_ab.log)
2026-09-30 00:37:42 tail_ab exited 0
binaries compiled by tail_ab: 4046
padded zero_shot_121-127105-0003: ours {'last_0.4s_signal_dbfs': -71.3, 'last_0.4s_diff_dbfs': -69.5, 'last_20ms_dbfs': -117.8, 'upstream_last_20ms_dbfs': -64.9, 'quiet_samples_at_end': 507}; mech {'last_0.4s_signal_dbfs': -71.3, 'last_0.4s_diff_dbfs': -70.4, 'last_20ms_dbfs': -117.6, 'upstream_last_20ms_dbfs': -64.9, 'quiet_samples_at_end': 506}
padded zero_shot_121-127105-0015: ours {'last_0.4s_signal_dbfs': -70.9, 'last_0.4s_diff_dbfs': -75.9, 'last_20ms_dbfs': -104.1, 'upstream_last_20ms_dbfs': -88.8, 'quiet_samples_at_end': 537}; mech {'last_0.4s_signal_dbfs': -70.9, 'last_0.4s_diff_dbfs': -81.5, 'last_20ms_dbfs': -103.8, 'upstream_last_20ms_dbfs': -88.8, 'quiet_samples_at_end': 537}
padded zero_shot_121-127105-0024: ours {'last_0.4s_signal_dbfs': -67.8, 'last_0.4s_diff_dbfs': -75.1, 'last_20ms_dbfs': -110.0, 'upstream_last_20ms_dbfs': -68.0, 'quiet_samples_at_end': 513}; mech {'last_0.4s_signal_dbfs': -67.8, 'last_0.4s_diff_dbfs': -76.2, 'last_20ms_dbfs': -112.3, 'upstream_last_20ms_dbfs': -68.0, 'quiet_samples_at_end': 515}
padded zero_shot_260-123286-0014: ours {'last_0.4s_signal_dbfs': -47.7, 'last_0.4s_diff_dbfs': -52.1, 'last_20ms_dbfs': -139.0, 'upstream_last_20ms_dbfs': -63.4, 'quiet_samples_at_end': 622}; mech {'last_0.4s_signal_dbfs': -47.7, 'last_0.4s_diff_dbfs': -65.5, 'last_20ms_dbfs': -138.7, 'upstream_last_20ms_dbfs': -63.4, 'quiet_samples_at_end': 621}
padded zero_shot_260-123440-0002: ours {'last_0.4s_signal_dbfs': -36.7, 'last_0.4s_diff_dbfs': -42.7, 'last_20ms_dbfs': -111.9, 'upstream_last_20ms_dbfs': -81.6, 'quiet_samples_at_end': 559}; mech {'last_0.4s_signal_dbfs': -36.7, 'last_0.4s_diff_dbfs': -60.1, 'last_20ms_dbfs': -113.9, 'upstream_last_20ms_dbfs': -81.6, 'quiet_samples_at_end': 564}
padded zero_shot_260-123440-0010: ours {'last_0.4s_signal_dbfs': -52.9, 'last_0.4s_diff_dbfs': -54.5, 'last_20ms_dbfs': -130.3, 'upstream_last_20ms_dbfs': -51.9, 'quiet_samples_at_end': 615}; mech {'last_0.4s_signal_dbfs': -52.9, 'last_0.4s_diff_dbfs': -55.4, 'last_20ms_dbfs': -131.1, 'upstream_last_20ms_dbfs': -51.9, 'quiet_samples_at_end': 619}
exact zero_shot_121-127105-0003: ours {'last_0.4s_signal_dbfs': -71.3, 'last_0.4s_diff_dbfs': -73.9, 'last_20ms_dbfs': -64.2, 'upstream_last_20ms_dbfs': -64.9, 'quiet_samples_at_end': 0}; mech {'last_0.4s_signal_dbfs': -71.3, 'last_0.4s_diff_dbfs': -100.4, 'last_20ms_dbfs': -64.7, 'upstream_last_20ms_dbfs': -64.9, 'quiet_samples_at_end': 0}
exact zero_shot_121-127105-0015: ours {'last_0.4s_signal_dbfs': -70.9, 'last_0.4s_diff_dbfs': -77.0, 'last_20ms_dbfs': -88.2, 'upstream_last_20ms_dbfs': -88.8, 'quiet_samples_at_end': 300}; mech {'last_0.4s_signal_dbfs': -70.9, 'last_0.4s_diff_dbfs': -93.0, 'last_20ms_dbfs': -88.5, 'upstream_last_20ms_dbfs': -88.8, 'quiet_samples_at_end': 301}
exact zero_shot_121-127105-0024: ours {'last_0.4s_signal_dbfs': -67.8, 'last_0.4s_diff_dbfs': -81.2, 'last_20ms_dbfs': -66.8, 'upstream_last_20ms_dbfs': -68.0, 'quiet_samples_at_end': 9}; mech {'last_0.4s_signal_dbfs': -67.8, 'last_0.4s_diff_dbfs': -93.7, 'last_20ms_dbfs': -67.7, 'upstream_last_20ms_dbfs': -68.0, 'quiet_samples_at_end': 9}
exact zero_shot_260-123286-0014: ours {'last_0.4s_signal_dbfs': -47.7, 'last_0.4s_diff_dbfs': -52.1, 'last_20ms_dbfs': -64.0, 'upstream_last_20ms_dbfs': -63.4, 'quiet_samples_at_end': 0}; mech {'last_0.4s_signal_dbfs': -47.7, 'last_0.4s_diff_dbfs': -74.9, 'last_20ms_dbfs': -63.2, 'upstream_last_20ms_dbfs': -63.4, 'quiet_samples_at_end': 0}
exact zero_shot_260-123440-0002: ours {'last_0.4s_signal_dbfs': -36.7, 'last_0.4s_diff_dbfs': -42.7, 'last_20ms_dbfs': -75.7, 'upstream_last_20ms_dbfs': -81.6, 'quiet_samples_at_end': 88}; mech {'last_0.4s_signal_dbfs': -36.7, 'last_0.4s_diff_dbfs': -61.4, 'last_20ms_dbfs': -81.0, 'upstream_last_20ms_dbfs': -81.6, 'quiet_samples_at_end': 62}
exact zero_shot_260-123440-0010: ours {'last_0.4s_signal_dbfs': -52.9, 'last_0.4s_diff_dbfs': -61.9, 'last_20ms_dbfs': -51.7, 'upstream_last_20ms_dbfs': -51.9, 'quiet_samples_at_end': 0}; mech {'last_0.4s_signal_dbfs': -52.9, 'last_0.4s_diff_dbfs': -82.2, 'last_20ms_dbfs': -51.8, 'upstream_last_20ms_dbfs': -51.9, 'quiet_samples_at_end': 0}
{"zero_shot_121-127105-0003": {"equals_r5": false, "sha1": "613a7d3a3682"}, "zero_shot_121-127105-0015": {"equals_r5": false, "sha1": "ebb0cab0c99d"}, "zero_shot_121-127105-0024": {"equals_r5": false, "sha1": "d2fcb6d94507"}, "zero_shot_260-123286-0014": {"equals_r5": false, "sha1": "ce98986fc1fe"}, "zero_shot_260-123440-0002": {"equals_r5": false, "sha1": "06843e896d87"}, "zero_shot_260-123440-00
2026-09-30 00:37:44 started score_padded (log /home/user/data/cosyvoice2_runs/0930/score_padded.log)
2026-09-30 00:41:29 score_padded exited 0
/home/user/data/cosyvoice2_runs/0930/tail_ab/padded_1987: {"n": 6, "corpus_wer_percent": 1.36, "corpus_word_errors": 2, "corpus_ref_words": 147, "sim_mean": 95.85, "sim_campplus_diagnostic_mean": 83.93}
wrote /home/user/data/cosyvoice2_runs/0930/tail_ab/padded_1987/scores.json

| case | words | WER % pytorch-reference-streaming | WER % ttnn-streaming-offline-padded-final | SIM pytorch-reference-streaming | SIM ttnn-streaming-offline-padded-final | audio s pytorch-reference-streaming / ttnn-streaming-offline-padded-final |
|---|---|---|---|---|---|---|
| zero_shot_121-127105-0003 | 18 | 0.00 | 0.00 | 95.07 | 94.40 | 8.52 / 8.52 |
| zero_shot_121-127105-0015 | 10 | 0.00 | 0.00 | 93.74 | 93.80 | 3.80 / 3.80 |
| zero_shot_121-127105-0024 | 48 | 0.00 | 0.00 | 93.42 | 93.86 | 13.88 / 13.88 |
| zero_shot_260-123286-0014 | 7 | 0.00 | 0.00 | 96.10 | 96.21 | 3.00 / 3.00 |
| zero_shot_260-123440-0002 | 44 | 2.27 | 2.27 | 98.61 | 98.50 | 12.68 / 12.68 |
| zero_shot_260-123440-0010 | 20 | 0.00 | 5.00 | 98.45 | 98.33 | 8.08 / 8.08 |
| **corpus (6 utterances)** | 147 | **0.68** (1 errors) | **1.36** (2 errors) | **95.90** | **95.85** | |
2026-09-30 00:41:29 started score_exact (log /home/user/data/cosyvoice2_runs/0930/score_exact.log)
2026-09-30 00:45:14 score_exact exited 0
/home/user/data/cosyvoice2_runs/0930/tail_ab/exact_1987: {"n": 6, "corpus_wer_percent": 0.68, "corpus_word_errors": 1, "corpus_ref_words": 147, "sim_mean": 95.88, "sim_campplus_diagnostic_mean": 83.69}
wrote /home/user/data/cosyvoice2_runs/0930/tail_ab/exact_1987/scores.json

| case | words | WER % pytorch-reference-streaming | WER % ttnn-streaming-offline-exact-final | SIM pytorch-reference-streaming | SIM ttnn-streaming-offline-exact-final | audio s pytorch-reference-streaming / ttnn-streaming-offline-exact-final |
|---|---|---|---|---|---|---|
| zero_shot_121-127105-0003 | 18 | 0.00 | 0.00 | 95.07 | 94.49 | 8.52 / 8.52 |
| zero_shot_121-127105-0015 | 10 | 0.00 | 0.00 | 93.74 | 93.75 | 3.80 / 3.80 |
| zero_shot_121-127105-0024 | 48 | 0.00 | 0.00 | 93.42 | 93.85 | 13.88 / 13.88 |
| zero_shot_260-123286-0014 | 7 | 0.00 | 0.00 | 96.10 | 96.34 | 3.00 / 3.00 |
| zero_shot_260-123440-0002 | 44 | 2.27 | 2.27 | 98.61 | 98.50 | 12.68 / 12.68 |
| zero_shot_260-123440-0010 | 20 | 0.00 | 0.00 | 98.45 | 98.35 | 8.08 / 8.08 |
| **corpus (6 utterances)** | 147 | **0.68** (1 errors) | **0.68** (1 errors) | **95.90** | **95.88** | |
