cosyvoice2_streaming_ref zero_shot_121-127105-0003    masked   last 20 ms   -64.6 /   -64.9; last 0.4 s signal  -71.3 diff  -98.5 margin  27.2; body margin 26.3
cosyvoice2_streaming_ref zero_shot_121-127105-0003    silence  last 20 ms  -117.6 /   -64.9; last 0.4 s signal  -71.3 diff  -70.4 margin  -0.9; body margin 26.3
cosyvoice2_streaming_ref zero_shot_121-127105-0015    masked   last 20 ms   -88.4 /   -88.8; last 0.4 s signal  -70.9 diff  -92.1 margin  21.2; body margin 26.5
cosyvoice2_streaming_ref zero_shot_121-127105-0015    silence  last 20 ms  -103.8 /   -88.8; last 0.4 s signal  -70.9 diff  -81.5 margin  10.7; body margin 26.5
cosyvoice2_streaming_ref zero_shot_121-127105-0024    masked   last 20 ms   -67.7 /   -68.0; last 0.4 s signal  -67.8 diff  -93.6 margin  25.9; body margin 24.5
cosyvoice2_streaming_ref zero_shot_121-127105-0024    silence  last 20 ms  -112.3 /   -68.0; last 0.4 s signal  -67.8 diff  -76.2 margin   8.5; body margin 24.5
cosyvoice2_streaming_ref zero_shot_260-123286-0014    masked   last 20 ms   -63.2 /   -63.4; last 0.4 s signal  -47.7 diff  -74.8 margin  27.1; body margin 26.2
cosyvoice2_streaming_ref zero_shot_260-123286-0014    silence  last 20 ms  -138.7 /   -63.4; last 0.4 s signal  -47.7 diff  -65.5 margin  17.8; body margin 26.2
cosyvoice2_streaming_ref zero_shot_260-123440-0002    masked   last 20 ms   -81.1 /   -81.6; last 0.4 s signal  -36.7 diff  -61.0 margin  24.3; body margin 24.3
cosyvoice2_streaming_ref zero_shot_260-123440-0002    silence  last 20 ms  -113.9 /   -81.6; last 0.4 s signal  -36.7 diff  -60.1 margin  23.4; body margin 24.3
cosyvoice2_streaming_ref zero_shot_260-123440-0010    masked   last 20 ms   -51.7 /   -51.9; last 0.4 s signal  -52.9 diff  -80.1 margin  27.1; body margin 26.1
cosyvoice2_streaming_ref zero_shot_260-123440-0010    silence  last 20 ms  -131.1 /   -51.9; last 0.4 s signal  -52.9 diff  -55.4 margin   2.4; body margin 26.1
ref_stream_seed1         zero_shot_121-127105-0003    masked   last 20 ms   -64.7 /   -65.0; last 0.4 s signal  -71.3 diff  -98.4 margin  27.1; body margin 26.3
ref_stream_seed1         zero_shot_121-127105-0003    silence  last 20 ms  -117.5 /   -65.0; last 0.4 s signal  -71.3 diff  -70.7 margin  -0.6; body margin 26.3
ref_stream_seed1         zero_shot_121-127105-0015    masked   last 20 ms   -88.5 /   -89.0; last 0.4 s signal  -70.8 diff  -94.5 margin  23.6; body margin 25.6
ref_stream_seed1         zero_shot_121-127105-0015    silence  last 20 ms  -104.1 /   -89.0; last 0.4 s signal  -70.8 diff  -81.7 margin  10.9; body margin 25.6
ref_stream_seed1         zero_shot_121-127105-0024    masked   last 20 ms   -67.6 /   -68.0; last 0.4 s signal  -67.8 diff  -92.9 margin  25.1; body margin 24.5
ref_stream_seed1         zero_shot_121-127105-0024    silence  last 20 ms  -111.9 /   -68.0; last 0.4 s signal  -67.8 diff  -76.2 margin   8.4; body margin 24.5
ref_stream_seed1         zero_shot_260-123286-0014    masked   last 20 ms   -63.2 /   -63.4; last 0.4 s signal  -47.7 diff  -75.2 margin  27.5; body margin 26.2
ref_stream_seed1         zero_shot_260-123286-0014    silence  last 20 ms  -138.8 /   -63.4; last 0.4 s signal  -47.7 diff  -65.6 margin  17.8; body margin 26.2
ref_stream_seed1         zero_shot_260-123440-0002    masked   last 20 ms   -81.1 /   -81.6; last 0.4 s signal  -36.8 diff  -63.0 margin  26.2; body margin 24.3
ref_stream_seed1         zero_shot_260-123440-0002    silence  last 20 ms  -114.0 /   -81.6; last 0.4 s signal  -36.8 diff  -61.5 margin  24.8; body margin 24.3
ref_stream_seed1         zero_shot_260-123440-0010    masked   last 20 ms   -51.8 /   -51.9; last 0.4 s signal  -53.0 diff  -80.1 margin  27.1; body margin 26.2
ref_stream_seed1         zero_shot_260-123440-0010    silence  last 20 ms  -131.6 /   -51.9; last 0.4 s signal  -53.0 diff  -55.4 margin   2.4; body margin 26.2
ref_stream_seed2         zero_shot_121-127105-0003    masked   last 20 ms   -64.7 /   -65.0; last 0.4 s signal  -71.2 diff  -98.1 margin  27.0; body margin 26.3
ref_stream_seed2         zero_shot_121-127105-0003    silence  last 20 ms  -117.6 /   -65.0; last 0.4 s signal  -71.2 diff  -69.2 margin  -1.9; body margin 26.3
ref_stream_seed2         zero_shot_121-127105-0015    masked   last 20 ms   -88.4 /   -88.9; last 0.4 s signal  -70.9 diff  -90.4 margin  19.5; body margin 26.2
ref_stream_seed2         zero_shot_121-127105-0015    silence  last 20 ms  -104.3 /   -88.9; last 0.4 s signal  -70.9 diff  -81.3 margin  10.4; body margin 26.2
ref_stream_seed2         zero_shot_121-127105-0024    masked   last 20 ms   -67.6 /   -68.0; last 0.4 s signal  -67.8 diff  -93.3 margin  25.5; body margin 24.4
ref_stream_seed2         zero_shot_121-127105-0024    silence  last 20 ms  -112.2 /   -68.0; last 0.4 s signal  -67.8 diff  -76.2 margin   8.4; body margin 24.4
ref_stream_seed2         zero_shot_260-123286-0014    masked   last 20 ms   -63.2 /   -63.4; last 0.4 s signal  -47.7 diff  -74.8 margin  27.1; body margin 26.2
ref_stream_seed2         zero_shot_260-123286-0014    silence  last 20 ms  -139.0 /   -63.4; last 0.4 s signal  -47.7 diff  -65.5 margin  17.8; body margin 26.2
ref_stream_seed2         zero_shot_260-123440-0002    masked   last 20 ms   -81.2 /   -81.7; last 0.4 s signal  -36.7 diff  -62.4 margin  25.7; body margin 24.3
ref_stream_seed2         zero_shot_260-123440-0002    silence  last 20 ms  -114.0 /   -81.7; last 0.4 s signal  -36.7 diff  -61.1 margin  24.4; body margin 24.3
ref_stream_seed2         zero_shot_260-123440-0010    masked   last 20 ms   -51.9 /   -52.0; last 0.4 s signal  -53.0 diff  -80.1 margin  27.1; body margin 26.2
ref_stream_seed2         zero_shot_260-123440-0010    silence  last 20 ms  -131.4 /   -52.0; last 0.4 s signal  -53.0 diff  -55.4 margin   2.4; body margin 26.2
ref_stream_seed3         zero_shot_121-127105-0003    masked   last 20 ms   -64.7 /   -65.0; last 0.4 s signal  -71.1 diff  -98.0 margin  26.9; body margin 26.3
ref_stream_seed3         zero_shot_121-127105-0003    silence  last 20 ms  -118.0 /   -65.0; last 0.4 s signal  -71.1 diff  -70.1 margin  -1.0; body margin 26.3
ref_stream_seed3         zero_shot_121-127105-0015    masked   last 20 ms   -88.4 /   -88.8; last 0.4 s signal  -70.9 diff  -91.5 margin  20.6; body margin 26.8
ref_stream_seed3         zero_shot_121-127105-0015    silence  last 20 ms  -104.3 /   -88.8; last 0.4 s signal  -70.9 diff  -81.5 margin  10.6; body margin 26.8
ref_stream_seed3         zero_shot_121-127105-0024    masked   last 20 ms   -67.6 /   -68.0; last 0.4 s signal  -67.8 diff  -93.0 margin  25.2; body margin 24.6
ref_stream_seed3         zero_shot_121-127105-0024    silence  last 20 ms  -112.5 /   -68.0; last 0.4 s signal  -67.8 diff  -76.2 margin   8.5; body margin 24.6
ref_stream_seed3         zero_shot_260-123286-0014    masked   last 20 ms   -63.2 /   -63.4; last 0.4 s signal  -47.7 diff  -74.7 margin  27.0; body margin 26.2
ref_stream_seed3         zero_shot_260-123286-0014    silence  last 20 ms  -139.0 /   -63.4; last 0.4 s signal  -47.7 diff  -65.5 margin  17.8; body margin 26.2
ref_stream_seed3         zero_shot_260-123440-0002    masked   last 20 ms   -80.9 /   -81.5; last 0.4 s signal  -36.7 diff  -62.7 margin  26.0; body margin 24.3
ref_stream_seed3         zero_shot_260-123440-0002    silence  last 20 ms  -113.8 /   -81.5; last 0.4 s signal  -36.7 diff  -61.3 margin  24.6; body margin 24.3
ref_stream_seed3         zero_shot_260-123440-0010    masked   last 20 ms   -51.8 /   -51.9; last 0.4 s signal  -52.9 diff  -80.2 margin  27.3; body margin 26.1
ref_stream_seed3         zero_shot_260-123440-0010    silence  last 20 ms  -131.1 /   -51.9; last 0.4 s signal  -52.9 diff  -55.4 margin   2.5; body margin 26.1
ref_stream_seed4         zero_shot_121-127105-0003    masked   last 20 ms   -64.6 /   -64.9; last 0.4 s signal  -71.1 diff  -98.3 margin  27.2; body margin 26.4
ref_stream_seed4         zero_shot_121-127105-0003    silence  last 20 ms  -117.5 /   -64.9; last 0.4 s signal  -71.1 diff  -69.7 margin  -1.3; body margin 26.4
ref_stream_seed4         zero_shot_121-127105-0015    masked   last 20 ms   -88.4 /   -88.9; last 0.4 s signal  -70.9 diff  -92.7 margin  21.8; body margin 26.0
ref_stream_seed4         zero_shot_121-127105-0015    silence  last 20 ms  -103.9 /   -88.9; last 0.4 s signal  -70.9 diff  -81.6 margin  10.6; body margin 26.0
ref_stream_seed4         zero_shot_121-127105-0024    masked   last 20 ms   -67.6 /   -68.0; last 0.4 s signal  -67.8 diff  -93.4 margin  25.6; body margin 24.5
ref_stream_seed4         zero_shot_121-127105-0024    silence  last 20 ms  -112.9 /   -68.0; last 0.4 s signal  -67.8 diff  -76.2 margin   8.4; body margin 24.5
ref_stream_seed4         zero_shot_260-123286-0014    masked   last 20 ms   -63.1 /   -63.4; last 0.4 s signal  -47.7 diff  -74.8 margin  27.1; body margin 26.2
ref_stream_seed4         zero_shot_260-123286-0014    silence  last 20 ms  -138.7 /   -63.4; last 0.4 s signal  -47.7 diff  -65.5 margin  17.7; body margin 26.2
ref_stream_seed4         zero_shot_260-123440-0002    masked   last 20 ms   -80.9 /   -81.5; last 0.4 s signal  -36.7 diff  -61.7 margin  25.0; body margin 24.3
ref_stream_seed4         zero_shot_260-123440-0002    silence  last 20 ms  -113.8 /   -81.5; last 0.4 s signal  -36.7 diff  -60.6 margin  23.9; body margin 24.3
ref_stream_seed4         zero_shot_260-123440-0010    masked   last 20 ms   -51.7 /   -51.9; last 0.4 s signal  -53.0 diff  -80.4 margin  27.4; body margin 26.1
ref_stream_seed4         zero_shot_260-123440-0010    silence  last 20 ms  -131.7 /   -51.9; last 0.4 s signal  -53.0 diff  -55.4 margin   2.5; body margin 26.1
ref_stream_seed5         zero_shot_121-127105-0003    masked   last 20 ms   -64.7 /   -65.0; last 0.4 s signal  -71.3 diff  -97.7 margin  26.4; body margin 26.3
ref_stream_seed5         zero_shot_121-127105-0003    silence  last 20 ms  -117.5 /   -65.0; last 0.4 s signal  -71.3 diff  -70.3 margin  -0.9; body margin 26.3
ref_stream_seed5         zero_shot_121-127105-0015    masked   last 20 ms   -88.5 /   -88.9; last 0.4 s signal  -70.8 diff  -93.5 margin  22.7; body margin 26.8
ref_stream_seed5         zero_shot_121-127105-0015    silence  last 20 ms  -104.1 /   -88.9; last 0.4 s signal  -70.8 diff  -81.7 margin  10.8; body margin 26.8
ref_stream_seed5         zero_shot_121-127105-0024    masked   last 20 ms   -67.6 /   -67.9; last 0.4 s signal  -67.8 diff  -93.2 margin  25.4; body margin 24.5
ref_stream_seed5         zero_shot_121-127105-0024    silence  last 20 ms  -112.7 /   -67.9; last 0.4 s signal  -67.8 diff  -76.3 margin   8.5; body margin 24.5
ref_stream_seed5         zero_shot_260-123286-0014    masked   last 20 ms   -63.2 /   -63.4; last 0.4 s signal  -47.7 diff  -74.7 margin  26.9; body margin 26.3
ref_stream_seed5         zero_shot_260-123286-0014    silence  last 20 ms  -139.0 /   -63.4; last 0.4 s signal  -47.7 diff  -65.5 margin  17.8; body margin 26.3
ref_stream_seed5         zero_shot_260-123440-0002    masked   last 20 ms   -81.1 /   -81.7; last 0.4 s signal  -36.7 diff  -62.0 margin  25.3; body margin 24.4
ref_stream_seed5         zero_shot_260-123440-0002    silence  last 20 ms  -114.0 /   -81.7; last 0.4 s signal  -36.7 diff  -60.8 margin  24.1; body margin 24.4
ref_stream_seed5         zero_shot_260-123440-0010    masked   last 20 ms   -51.8 /   -51.9; last 0.4 s signal  -53.0 diff  -80.1 margin  27.2; body margin 26.1
ref_stream_seed5         zero_shot_260-123440-0010    silence  last 20 ms  -131.5 /   -51.9; last 0.4 s signal  -53.0 diff  -55.4 margin   2.4; body margin 26.1
masked: last 0.4 s margin over 36 final chunks: min 19.5, 5 lowest [19.5, 20.6, 21.2, 21.8, 22.7], median 26.4, max 27.5; last 20 ms |dB diff|: max 0.6, median 0.3
silence: last 0.4 s margin over 36 final chunks: min -1.9, 5 lowest [-1.9, -1.3, -1.0, -0.9, -0.9], median 10.4, max 24.8; last 20 ms |dB diff|: max 79.8, median 52.5
cosyvoice2_streaming_ref zero_shot_121-127105-0003    exact    last 20 ms   -64.7 /   -64.9; last 0.4 s signal  -71.3 diff -100.4 margin  29.1; body margin 30.1
cosyvoice2_streaming_ref zero_shot_121-127105-0015    exact    last 20 ms   -88.5 /   -88.8; last 0.4 s signal  -70.9 diff  -93.0 margin  22.1; body margin 26.8
cosyvoice2_streaming_ref zero_shot_121-127105-0024    exact    last 20 ms   -67.7 /   -68.0; last 0.4 s signal  -67.8 diff  -93.7 margin  25.9; body margin 26.2
cosyvoice2_streaming_ref zero_shot_260-123286-0014    exact    last 20 ms   -63.2 /   -63.4; last 0.4 s signal  -47.7 diff  -74.9 margin  27.1; body margin 26.2
cosyvoice2_streaming_ref zero_shot_260-123440-0002    exact    last 20 ms   -81.0 /   -81.6; last 0.4 s signal  -36.7 diff  -61.4 margin  24.7; body margin 28.2
cosyvoice2_streaming_ref zero_shot_260-123440-0010    exact    last 20 ms   -51.8 /   -51.9; last 0.4 s signal  -52.9 diff  -82.2 margin  29.3; body margin 31.2
ref_stream_seed1         zero_shot_121-127105-0003    exact    last 20 ms   -64.8 /   -65.0; last 0.4 s signal  -71.3 diff  -99.3 margin  28.0; body margin 30.0
ref_stream_seed1         zero_shot_121-127105-0015    exact    last 20 ms   -88.6 /   -89.0; last 0.4 s signal  -70.8 diff  -94.8 margin  24.0; body margin 25.7
ref_stream_seed1         zero_shot_121-127105-0024    exact    last 20 ms   -67.6 /   -68.0; last 0.4 s signal  -67.8 diff  -93.1 margin  25.3; body margin 26.2
ref_stream_seed1         zero_shot_260-123286-0014    exact    last 20 ms   -63.2 /   -63.4; last 0.4 s signal  -47.7 diff  -75.1 margin  27.3; body margin 26.2
ref_stream_seed1         zero_shot_260-123440-0002    exact    last 20 ms   -80.9 /   -81.6; last 0.4 s signal  -36.8 diff  -63.7 margin  27.0; body margin 28.1
ref_stream_seed1         zero_shot_260-123440-0010    exact    last 20 ms   -51.8 /   -51.9; last 0.4 s signal  -53.0 diff  -82.3 margin  29.3; body margin 31.2
ref_stream_seed2         zero_shot_121-127105-0003    exact    last 20 ms   -64.8 /   -65.0; last 0.4 s signal  -71.2 diff  -99.7 margin  28.5; body margin 30.1
ref_stream_seed2         zero_shot_121-127105-0015    exact    last 20 ms   -88.6 /   -88.9; last 0.4 s signal  -70.9 diff  -90.7 margin  19.9; body margin 26.5
ref_stream_seed2         zero_shot_121-127105-0024    exact    last 20 ms   -67.6 /   -68.0; last 0.4 s signal  -67.8 diff  -93.0 margin  25.2; body margin 26.1
ref_stream_seed2         zero_shot_260-123286-0014    exact    last 20 ms   -63.2 /   -63.4; last 0.4 s signal  -47.7 diff  -74.8 margin  27.0; body margin 26.2
ref_stream_seed2         zero_shot_260-123440-0002    exact    last 20 ms   -81.1 /   -81.7; last 0.4 s signal  -36.7 diff  -63.0 margin  26.3; body margin 28.1
ref_stream_seed2         zero_shot_260-123440-0010    exact    last 20 ms   -51.9 /   -52.0; last 0.4 s signal  -53.0 diff  -82.3 margin  29.3; body margin 31.3
ref_stream_seed3         zero_shot_121-127105-0003    exact    last 20 ms   -64.8 /   -65.0; last 0.4 s signal  -71.1 diff  -99.1 margin  28.0; body margin 30.0
ref_stream_seed3         zero_shot_121-127105-0015    exact    last 20 ms   -88.5 /   -88.8; last 0.4 s signal  -70.9 diff  -92.6 margin  21.6; body margin 27.2
ref_stream_seed3         zero_shot_121-127105-0024    exact    last 20 ms   -67.6 /   -68.0; last 0.4 s signal  -67.8 diff  -92.9 margin  25.1; body margin 26.2
ref_stream_seed3         zero_shot_260-123286-0014    exact    last 20 ms   -63.2 /   -63.4; last 0.4 s signal  -47.7 diff  -74.7 margin  27.0; body margin 26.2
ref_stream_seed3         zero_shot_260-123440-0002    exact    last 20 ms   -80.9 /   -81.5; last 0.4 s signal  -36.7 diff  -63.3 margin  26.6; body margin 28.2
ref_stream_seed3         zero_shot_260-123440-0010    exact    last 20 ms   -51.8 /   -51.9; last 0.4 s signal  -52.9 diff  -82.4 margin  29.5; body margin 31.1
ref_stream_seed4         zero_shot_121-127105-0003    exact    last 20 ms   -64.7 /   -64.9; last 0.4 s signal  -71.1 diff  -99.4 margin  28.3; body margin 30.1
ref_stream_seed4         zero_shot_121-127105-0015    exact    last 20 ms   -88.6 /   -88.9; last 0.4 s signal  -70.9 diff  -93.1 margin  22.2; body margin 26.2
ref_stream_seed4         zero_shot_121-127105-0024    exact    last 20 ms   -67.7 /   -68.0; last 0.4 s signal  -67.8 diff  -93.2 margin  25.5; body margin 26.2
ref_stream_seed4         zero_shot_260-123286-0014    exact    last 20 ms   -63.2 /   -63.4; last 0.4 s signal  -47.7 diff  -74.8 margin  27.0; body margin 26.2
ref_stream_seed4         zero_shot_260-123440-0002    exact    last 20 ms   -80.9 /   -81.5; last 0.4 s signal  -36.7 diff  -62.3 margin  25.6; body margin 28.2
ref_stream_seed4         zero_shot_260-123440-0010    exact    last 20 ms   -51.8 /   -51.9; last 0.4 s signal  -53.0 diff  -82.1 margin  29.1; body margin 31.3
ref_stream_seed5         zero_shot_121-127105-0003    exact    last 20 ms   -64.8 /   -65.0; last 0.4 s signal  -71.3 diff  -98.7 margin  27.4; body margin 29.9
ref_stream_seed5         zero_shot_121-127105-0015    exact    last 20 ms   -88.6 /   -88.9; last 0.4 s signal  -70.8 diff  -94.1 margin  23.2; body margin 27.2
ref_stream_seed5         zero_shot_121-127105-0024    exact    last 20 ms   -67.6 /   -67.9; last 0.4 s signal  -67.8 diff  -92.9 margin  25.1; body margin 26.2
ref_stream_seed5         zero_shot_260-123286-0014    exact    last 20 ms   -63.2 /   -63.4; last 0.4 s signal  -47.7 diff  -74.7 margin  26.9; body margin 26.3
ref_stream_seed5         zero_shot_260-123440-0002    exact    last 20 ms   -81.0 /   -81.7; last 0.4 s signal  -36.7 diff  -62.5 margin  25.8; body margin 28.1
ref_stream_seed5         zero_shot_260-123440-0010    exact    last 20 ms   -51.9 /   -51.9; last 0.4 s signal  -53.0 diff  -82.3 margin  29.3; body margin 31.2
exact: last 0.4 s margin over 36 final chunks: min 19.9, 5 lowest [19.9, 21.6, 22.1, 22.2, 23.2], median 27.0, max 29.5; last 20 ms |dB diff|: max 0.7, median 0.3
