## Lengths (samples at 24 kHz)

| case | upstream streamed | ours live (R5) | ours offline (R3) | ours Stage 1 | chunks: upstream / ours live |
|---|---|---|---|---|---|
| zero_shot_121-127105-0003 | 204480 | 204480 | 204480 | 204480 | same: [26880, 48000, 96000, 33600] / [26880, 48000, 96000, 33600] |
| zero_shot_121-127105-0015 | 91200 | 91200 | 91200 | 91200 | same: [26880, 48000, 16320] / [26880, 48000, 16320] |
| zero_shot_121-127105-0024 | 333120 | 333120 | 333120 | 333120 | same: [26880, 48000, 96000, 96000, 66240] / [26880, 48000, 96000, 96000, 66240] |
| zero_shot_260-123286-0014 | 72000 | 72000 | 72000 | 72000 | same: [20160, 51840] / [20160, 51840] |
| zero_shot_260-123440-0002 | 304320 | 304320 | 304320 | 304320 | same: [20160, 48000, 96000, 96000, 44160] / [20160, 48000, 96000, 96000, 44160] |
| zero_shot_260-123440-0010 | 193920 | 193920 | 193920 | 193920 | same: [20160, 48000, 96000, 29760] / [20160, 48000, 96000, 29760] |

## Tails

speech end: the last 20 ms frame within 35 dB of the utterance's loudest. after: level from there to the end.
bands: the residual after speech end, dB, for 0-0.5 / 0.5-2 / 2-5 / 5-12 kHz. diff: ours - upstream.

| case | version | speech end s | after, dBFS | last 0.4 s, dBFS | diff last 0.4 s, dBFS | last 10 ms peak | bands after |
|---|---|---|---|---|---|---|---|
| zero_shot_121-127105-0003 | upstream_stream | 8.06 of 8.52 | -71.5 | -71.2 |  | 0.0008 | [-90.5, -72.0, -86.9, -94.9] |
| zero_shot_121-127105-0003 | ours_live | 8.06 of 8.52 | -71.0 | -70.8 | -69.5 | 0.0000 | [-88.9, -71.6, -86.2, -93.9] |
| zero_shot_121-127105-0003 | ours_offline | 8.06 of 8.52 | -71.1 | -70.9 | -69.4 | 0.0000 | [-89.0, -71.8, -86.3, -94.0] |
| zero_shot_121-127105-0003 | ours_stage1 | 8.04 of 8.52 | -59.8 | -70.5 | -69.5 | 0.0000 | [-83.6, -64.0, -70.1, -80.9] |
| zero_shot_121-127105-0015 | upstream_stream | 3.10 of 3.80 | -68.2 | -70.8 |  | 0.0001 | [-81.6, -70.6, -78.5, -83.4] |
| zero_shot_121-127105-0015 | ours_live | 3.10 of 3.80 | -66.9 | -69.7 | -75.8 | 0.0000 | [-79.8, -68.8, -77.6, -83.0] |
| zero_shot_121-127105-0015 | ours_offline | 3.10 of 3.80 | -66.9 | -69.7 | -77.3 | 0.0000 | [-79.8, -68.8, -77.6, -82.9] |
| zero_shot_121-127105-0015 | ours_stage1 | 3.10 of 3.80 | -66.2 | -69.7 | -77.2 | 0.0000 | [-78.7, -68.0, -76.1, -82.8] |
| zero_shot_121-127105-0024 | upstream_stream | 13.36 of 13.88 | -58.7 | -67.7 |  | 0.0013 | [-64.2, -65.9, -70.5, -67.4] |
| zero_shot_121-127105-0024 | ours_live | 13.38 of 13.88 | -62.1 | -67.4 | -75.0 | 0.0000 | [-72.3, -65.5, -70.3, -66.5] |
| zero_shot_121-127105-0024 | ours_offline | 13.38 of 13.88 | -62.1 | -67.4 | -74.9 | 0.0000 | [-72.2, -65.5, -70.3, -66.5] |
| zero_shot_121-127105-0024 | ours_stage1 | 13.36 of 13.88 | -57.5 | -67.1 | -80.3 | 0.0015 | [-63.1, -64.9, -69.7, -66.6] |
| zero_shot_260-123286-0014 | upstream_stream | 2.82 of 3.00 | -57.9 | -47.7 |  | 0.0013 | [-60.1, -69.0, -77.0, -82.7] |
| zero_shot_260-123286-0014 | ours_live | 2.82 of 3.00 | -56.9 | -47.8 | -52.1 | 0.0000 | [-60.1, -68.7, -75.9, -82.0] |
| zero_shot_260-123286-0014 | ours_offline | 2.82 of 3.00 | -56.9 | -47.8 | -52.1 | 0.0000 | [-60.1, -68.7, -75.9, -82.1] |
| zero_shot_260-123286-0014 | ours_stage1 | 2.82 of 3.00 | -57.7 | -47.7 | -52.1 | 0.0000 | [-61.0, -68.7, -75.8, -81.8] |
| zero_shot_260-123440-0002 | upstream_stream | 12.50 of 12.68 | -55.2 | -36.7 |  | 0.0002 | [-61.7, -64.1, -59.7, -66.6] |
| zero_shot_260-123440-0002 | ours_live | 12.50 of 12.68 | -54.9 | -36.8 | -42.7 | 0.0000 | [-61.4, -63.7, -59.9, -66.1] |
| zero_shot_260-123440-0002 | ours_offline | 12.50 of 12.68 | -54.9 | -36.8 | -43.6 | 0.0000 | [-61.5, -63.7, -59.8, -66.0] |
| zero_shot_260-123440-0002 | ours_stage1 | 12.50 of 12.68 | -54.8 | -37.1 | -42.3 | 0.0004 | [-61.1, -63.3, -59.7, -65.8] |
| zero_shot_260-123440-0010 | upstream_stream | 7.70 of 8.08 | -54.6 | -52.9 |  | 0.0072 | [-59.8, -59.1, -62.3, -75.0] |
| zero_shot_260-123440-0010 | ours_live | 7.70 of 8.08 | -54.9 | -52.8 | -54.5 | 0.0000 | [-60.8, -58.3, -61.4, -74.2] |
| zero_shot_260-123440-0010 | ours_offline | 7.70 of 8.08 | -54.8 | -52.8 | -54.5 | 0.0000 | [-60.8, -58.3, -61.4, -74.2] |
| zero_shot_260-123440-0010 | ours_stage1 | 7.70 of 8.08 | -54.7 | -52.7 | -54.5 | 0.0000 | [-60.2, -58.1, -61.2, -74.0] |

## zero_shot_260-123440-0010: the last second in 20 ms frames, dBFS

| t from end, s | upstream_stream | ours_live | ours_offline | ours_stage1 |
|---|---|---|---|---|
| -1.00 | -22.6 | -22.4 | -22.4 | -22.9 |
| -0.98 | -24.6 | -24.2 | -24.2 | -24.3 |
| -0.96 | -31.9 | -32.0 | -32.0 | -30.8 |
| -0.94 | -32.8 | -32.7 | -32.7 | -33.8 |
| -0.92 | -32.5 | -32.5 | -32.4 | -32.7 |
| -0.90 | -24.7 | -24.7 | -24.7 | -24.9 |
| -0.88 | -20.3 | -20.1 | -20.2 | -19.6 |
| -0.86 | -17.8 | -17.9 | -17.9 | -18.5 |
| -0.84 | -19.1 | -18.9 | -18.9 | -18.4 |
| -0.82 | -17.3 | -17.4 | -17.4 | -17.9 |
| -0.80 | -19.4 | -18.8 | -18.8 | -18.6 |
| -0.78 | -19.7 | -19.8 | -19.8 | -20.4 |
| -0.76 | -20.6 | -20.6 | -20.6 | -20.6 |
| -0.74 | -21.3 | -21.3 | -21.3 | -21.2 |
| -0.72 | -22.8 | -22.7 | -22.7 | -23.0 |
| -0.70 | -25.3 | -25.6 | -25.6 | -26.7 |
| -0.68 | -29.6 | -28.8 | -28.5 | -27.7 |
| -0.66 | -29.9 | -29.6 | -30.6 | -31.3 |
| -0.64 | -34.2 | -34.3 | -34.1 | -33.9 |
| -0.62 | -37.7 | -35.6 | -37.1 | -36.1 |
| -0.60 | -34.7 | -34.8 | -34.1 | -34.9 |
| -0.58 | -36.7 | -35.9 | -35.6 | -35.4 |
| -0.56 | -37.1 | -36.6 | -36.5 | -36.3 |
| -0.54 | -39.0 | -38.7 | -38.9 | -38.1 |
| -0.52 | -46.0 | -46.7 | -46.8 | -46.3 |
| -0.50 | -43.4 | -42.9 | -43.0 | -42.7 |
| -0.48 | -38.3 | -38.3 | -38.2 | -38.3 |
| -0.46 | -37.2 | -36.9 | -36.9 | -37.1 |
| -0.44 | -40.3 | -40.5 | -40.4 | -40.1 |
| -0.42 | -43.6 | -43.4 | -43.3 | -43.7 |
| -0.40 | -44.5 | -43.6 | -43.7 | -43.7 |
| -0.38 | -50.7 | -50.1 | -50.1 | -50.2 |
| -0.36 | -55.2 | -54.7 | -54.7 | -54.5 |
| -0.34 | -63.1 | -62.4 | -62.4 | -61.6 |
| -0.32 | -65.5 | -66.0 | -65.9 | -65.4 |
| -0.30 | -74.6 | -73.9 | -73.9 | -74.6 |
| -0.28 | -78.7 | -77.8 | -77.9 | -80.0 |
| -0.26 | -81.3 | -79.1 | -79.2 | -78.6 |
| -0.24 | -87.6 | -86.6 | -86.7 | -86.0 |
| -0.22 | -89.5 | -88.5 | -88.6 | -88.1 |
| -0.20 | -84.0 | -81.8 | -81.7 | -81.0 |
| -0.18 | -67.0 | -66.1 | -66.1 | -65.8 |
| -0.16 | -63.4 | -63.5 | -63.4 | -63.0 |
| -0.14 | -59.1 | -58.7 | -58.6 | -58.3 |
| -0.12 | -55.1 | -55.5 | -55.5 | -55.2 |
| -0.10 | -50.8 | -51.3 | -51.3 | -51.0 |
| -0.08 | -50.3 | -51.0 | -50.9 | -50.7 |
| -0.06 | -48.7 | -48.3 | -48.3 | -48.2 |
| -0.04 | -49.7 | -48.9 | -48.9 | -48.6 |
| -0.02 | -51.9 | -94.4 | -94.3 | -94.3 |

wrote /home/user/listening/tails: ['zero_shot_260-123440-0010_ours_live_last1s.wav', 'zero_shot_260-123440-0010_ours_live_last2.5s.wav', 'zero_shot_260-123440-0010_ours_offline_last1s.wav', 'zero_shot_260-123440-0010_ours_offline_last2.5s.wav', 'zero_shot_260-123440-0010_ours_stage1_last1s.wav', 'zero_shot_260-123440-0010_ours_stage1_last2.5s.wav', 'zero_shot_260-123440-0010_upstream_stream_last1s.wav', 'zero_shot_260-123440-0010_upstream_stream_last2.5s.wav']
