2026-09-29 13:04:07.180 | DEBUG    | ttnn:<module>:45 - Initial ttnn.CONFIG:
Config{cache_path=/home/user/.cache/ttnn,model_cache_path=/home/user/.cache/ttnn/models,tmp_dir=/tmp/ttnn,enable_model_cache=false,enable_fast_runtime_mode=true,validate_program_args=false,throw_exception_on_fallback=false,enable_logging=false,enable_graph_report=false,enable_graph_python_stack_traces=false,enable_detailed_buffer_report=false,enable_detailed_tensor_report=false,enable_comparison_mode=false,comparison_mode_should_raise_exception=false,comparison_mode_pcc=0.9999,root_report_path=generated/ttnn/reports,report_name=std::nullopt,std::nullopt}
2026-09-29 13:04:22.771 | info     |          Device | Opening user mode device driver (tt_cluster.cpp:224)
2026-09-29 13:04:22.771 | info     |             UMD | Cluster constructor started. (cluster.cpp:406)
2026-09-29 13:04:22.772 | info     |             UMD | Creating TopologyDiscovery for architecture: wormhole_b0 (topology_discovery.cpp:96)
2026-09-29 13:04:22.772 | info     |             UMD | Starting topology discovery. (topology_discovery.cpp:115)
2026-09-29 13:04:22.865 | info     |             UMD | Established firmware bundle version: 19.11.0 (topology_discovery.cpp:576)
2026-09-29 13:04:22.865 | info     |             UMD | Completed topology discovery. (topology_discovery.cpp:119)
2026-09-29 13:04:22.947 | info     |             UMD | Opening local chip ids/PCIe ids: {0}/[2] and remote chip ids {} (cluster.cpp:173)
2026-09-29 13:04:22.947 | info     |             UMD | IOMMU: disabled (cluster.cpp:147)
2026-09-29 13:04:22.947 | info     |             UMD | KMD version: 2.9.0 (cluster.cpp:150)
2026-09-29 13:04:22.947 | info     |             UMD | Cluster constructor completed. (cluster.cpp:665)
2026-09-29 13:04:22.948 | info     |             UMD | Starting devices in cluster (cluster.cpp:1205)
2026-09-29 13:04:22.950 | info     |             UMD | Starting devices in cluster completed. (cluster.cpp:1213)
2026-09-29 13:04:23.052 | info     |     Distributed | Using auto discovery to generate mesh graph. (metal_env.cpp:422)
2026-09-29 13:04:23.052 | info     |     Distributed | Constructing control plane using auto-discovery (no mesh graph descriptor). (metal_env.cpp:484)
2026-09-29 13:04:23.052 | warning  |          Always | Unknown motherboard 'H12DSG-O-CPU' for chip_id=0 (bus_id=0x1) — falling back to bus_id as tray_id. Add this motherboard and its bus IDs to mobo_to_bus_ids in physical_system_discovery.cpp. (physical_system_discovery.cpp:119)
2026-09-29 13:04:23.053 | info     |          Fabric | Logical multi-mesh adjacency: intermesh degree histogram {0:1}; intra-mesh degree histograms mesh0 {0:1} (topology_mapper_utils.cpp:3368)
2026-09-29 13:04:23.053 | info     |          Fabric | Physical multi-mesh adjacency: intermesh degree histogram {0:1}; intra-mesh degree histograms mesh0 {0:1} (topology_mapper_utils.cpp:3376)
2026-09-29 13:04:23.947 | info     |              Op | act_block_h_override 1024 is not a valid override for padded_output_height_ntiles_per_core 127, instead 32 was selected as closest valid option! (conv2d_utils.cpp:466)
2026-09-29 13:04:23.947 | info     |              Op | act_block_h_override 1024 is not a valid override for padded_output_height_ntiles_per_core 1000, instead 800 was selected as closest valid option! (conv2d_utils.cpp:466)
2026-09-29 13:04:23.947 | info     |              Op | act_block_h_override 1024 is not a valid override for padded_output_height_ntiles_per_core 125, instead 800 was selected as closest valid option! (conv2d_utils.cpp:466)
2026-09-29 13:04:23.948 | info     |              Op | act_block_h_override 1024 is not a valid override for padded_output_height_ntiles_per_core 500, instead 800 was selected as closest valid option! (conv2d_utils.cpp:466)
2026-09-29 13:04:23.948 | info     |              Op | act_block_h_override 1024 is not a valid override for padded_output_height_ntiles_per_core 63, instead 672 was selected as closest valid option! (conv2d_utils.cpp:466)
2026-09-29 13:04:23.948 | info     |              Op | act_block_h_override 1024 is not a valid override for padded_output_height_ntiles_per_core 500, instead 800 was selected as closest valid option! (conv2d_utils.cpp:466)
2026-09-29 13:04:23.948 | info     |              Op | act_block_h_override 1024 is not a valid override for padded_output_height_ntiles_per_core 63, instead 672 was selected as closest valid option! (conv2d_utils.cpp:466)
2026-09-29 13:04:23.948 | info     |              Op | act_block_h_override 1024 is not a valid override for padded_output_height_ntiles_per_core 500, instead 800 was selected as closest valid option! (conv2d_utils.cpp:466)
2026-09-29 13:04:23.948 | info     |              Op | act_block_h_override 1024 is not a valid override for padded_output_height_ntiles_per_core 63, instead 672 was selected as closest valid option! (conv2d_utils.cpp:466)
2026-09-29 13:04:23.949 | info     |              Op | act_block_h_override 1024 is not a valid override for padded_output_height_ntiles_per_core 127, instead 32 was selected as closest valid option! (conv2d_utils.cpp:466)
2026-09-29 13:04:23.949 | info     |              Op | act_block_h_override 1024 is not a valid override for padded_output_height_ntiles_per_core 1000, instead 800 was selected as closest valid option! (conv2d_utils.cpp:466)
2026-09-29 13:04:23.950 | info     |              Op | act_block_h_override 1024 is not a valid override for padded_output_height_ntiles_per_core 125, instead 800 was selected as closest valid option! (conv2d_utils.cpp:466)
2026-09-29 13:04:23.950 | info     |              Op | act_block_h_override 1024 is not a valid override for padded_output_height_ntiles_per_core 500, instead 800 was selected as closest valid option! (conv2d_utils.cpp:466)
2026-09-29 13:04:23.950 | info     |              Op | act_block_h_override 1024 is not a valid override for padded_output_height_ntiles_per_core 63, instead 672 was selected as closest valid option! (conv2d_utils.cpp:466)
2026-09-29 13:04:23.950 | info     |              Op | act_block_h_override 1024 is not a valid override for padded_output_height_ntiles_per_core 500, instead 800 was selected as closest valid option! (conv2d_utils.cpp:466)
2026-09-29 13:04:23.950 | info     |              Op | act_block_h_override 1024 is not a valid override for padded_output_height_ntiles_per_core 63, instead 672 was selected as closest valid option! (conv2d_utils.cpp:466)
2026-09-29 13:04:23.950 | info     |              Op | act_block_h_override 1024 is not a valid override for padded_output_height_ntiles_per_core 500, instead 800 was selected as closest valid option! (conv2d_utils.cpp:466)
2026-09-29 13:04:23.951 | info     |              Op | act_block_h_override 1024 is not a valid override for padded_output_height_ntiles_per_core 63, instead 672 was selected as closest valid option! (conv2d_utils.cpp:466)
2026-09-29 13:04:23.951 | warning  |              Op | Conv2D DRAM doesn't support specifying memory config, as the output will always be DRAM Interleaved (conv2d.cpp:805)
2026-09-29 13:04:23.951 | info     |              Op | act_block_h_override 1024 is not a valid override for padded_output_height_ntiles_per_core 127, instead 32 was selected as closest valid option! (conv2d_utils.cpp:466)
2026-09-29 13:04:23.951 | info     |              Op | act_block_h_override 1024 is not a valid override for padded_output_height_ntiles_per_core 1000, instead 800 was selected as closest valid option! (conv2d_utils.cpp:466)
2026-09-29 13:04:23.951 | info     |              Op | act_block_h_override 1024 is not a valid override for padded_output_height_ntiles_per_core 125, instead 800 was selected as closest valid option! (conv2d_utils.cpp:466)
2026-09-29 13:04:23.951 | info     |              Op | act_block_h_override 1024 is not a valid override for padded_output_height_ntiles_per_core 500, instead 800 was selected as closest valid option! (conv2d_utils.cpp:466)
2026-09-29 13:04:23.952 | info     |              Op | act_block_h_override 1024 is not a valid override for padded_output_height_ntiles_per_core 63, instead 672 was selected as closest valid option! (conv2d_utils.cpp:466)
2026-09-29 13:04:23.952 | info     |              Op | act_block_h_override 1024 is not a valid override for padded_output_height_ntiles_per_core 500, instead 800 was selected as closest valid option! (conv2d_utils.cpp:466)
2026-09-29 13:04:23.952 | info     |              Op | act_block_h_override 1024 is not a valid override for padded_output_height_ntiles_per_core 63, instead 672 was selected as closest valid option! (conv2d_utils.cpp:466)
2026-09-29 13:04:23.952 | info     |              Op | act_block_h_override 1024 is not a valid override for padded_output_height_ntiles_per_core 500, instead 800 was selected as closest valid option! (conv2d_utils.cpp:466)
2026-09-29 13:04:24.629 | info     |              Op | act_block_h_override 1024 is not a valid override for padded_output_height_ntiles_per_core 63, instead 672 was selected as closest valid option! (conv2d_utils.cpp:466)
2026-09-29 13:04:26.943 | info     |              Op | act_block_h_override 1024 is not a valid override for padded_output_height_ntiles_per_core 63, instead 672 was selected as closest valid option! (conv2d_utils.cpp:466)
prepared, declared TILE (as written): has inf True, min/max 0/inf, PCC vs torch 0.000768
2026-09-29 13:04:30.040 | info     |              Op | act_block_h_override 1024 is not a valid override for padded_output_height_ntiles_per_core 127, instead 32 was selected as closest valid option! (conv2d_utils.cpp:466)
2026-09-29 13:04:30.041 | info     |              Op | act_block_h_override 1024 is not a valid override for padded_output_height_ntiles_per_core 1000, instead 800 was selected as closest valid option! (conv2d_utils.cpp:466)
2026-09-29 13:04:30.041 | info     |              Op | act_block_h_override 1024 is not a valid override for padded_output_height_ntiles_per_core 125, instead 800 was selected as closest valid option! (conv2d_utils.cpp:466)
2026-09-29 13:04:30.041 | info     |              Op | act_block_h_override 1024 is not a valid override for padded_output_height_ntiles_per_core 127, instead 32 was selected as closest valid option! (conv2d_utils.cpp:466)
2026-09-29 13:04:30.041 | info     |              Op | act_block_h_override 1024 is not a valid override for padded_output_height_ntiles_per_core 1000, instead 800 was selected as closest valid option! (conv2d_utils.cpp:466)
2026-09-29 13:04:30.041 | info     |              Op | act_block_h_override 1024 is not a valid override for padded_output_height_ntiles_per_core 125, instead 800 was selected as closest valid option! (conv2d_utils.cpp:466)
2026-09-29 13:04:30.042 | info     |              Op | act_block_h_override 1024 is not a valid override for padded_output_height_ntiles_per_core 127, instead 32 was selected as closest valid option! (conv2d_utils.cpp:466)
2026-09-29 13:04:30.042 | info     |              Op | act_block_h_override 1024 is not a valid override for padded_output_height_ntiles_per_core 1000, instead 800 was selected as closest valid option! (conv2d_utils.cpp:466)
2026-09-29 13:04:30.043 | info     |              Op | act_block_h_override 1024 is not a valid override for padded_output_height_ntiles_per_core 125, instead 800 was selected as closest valid option! (conv2d_utils.cpp:466)
2026-09-29 13:04:30.043 | info     |              Op | act_block_h_override 1024 is not a valid override for padded_output_height_ntiles_per_core 127, instead 32 was selected as closest valid option! (conv2d_utils.cpp:466)
2026-09-29 13:04:30.043 | info     |              Op | act_block_h_override 1024 is not a valid override for padded_output_height_ntiles_per_core 1000, instead 800 was selected as closest valid option! (conv2d_utils.cpp:466)
2026-09-29 13:04:30.043 | info     |              Op | act_block_h_override 1024 is not a valid override for padded_output_height_ntiles_per_core 125, instead 800 was selected as closest valid option! (conv2d_utils.cpp:466)
2026-09-29 13:04:30.043 | warning  |              Op | Conv2D DRAM doesn't support specifying memory config, as the output will always be DRAM Interleaved (conv2d.cpp:805)
2026-09-29 13:04:30.043 | info     |              Op | act_block_h_override 1024 is not a valid override for padded_output_height_ntiles_per_core 127, instead 32 was selected as closest valid option! (conv2d_utils.cpp:466)
2026-09-29 13:04:30.044 | info     |              Op | act_block_h_override 1024 is not a valid override for padded_output_height_ntiles_per_core 1000, instead 800 was selected as closest valid option! (conv2d_utils.cpp:466)
2026-09-29 13:04:30.044 | info     |              Op | act_block_h_override 1024 is not a valid override for padded_output_height_ntiles_per_core 125, instead 800 was selected as closest valid option! (conv2d_utils.cpp:466)
2026-09-29 13:04:30.044 | info     |              Op | act_block_h_override 1024 is not a valid override for padded_output_height_ntiles_per_core 500, instead 800 was selected as closest valid option! (conv2d_utils.cpp:466)
2026-09-29 13:04:30.044 | info     |              Op | act_block_h_override 1024 is not a valid override for padded_output_height_ntiles_per_core 63, instead 672 was selected as closest valid option! (conv2d_utils.cpp:466)
2026-09-29 13:04:30.044 | info     |              Op | act_block_h_override 1024 is not a valid override for padded_output_height_ntiles_per_core 500, instead 800 was selected as closest valid option! (conv2d_utils.cpp:466)
2026-09-29 13:04:30.045 | info     |              Op | act_block_h_override 1024 is not a valid override for padded_output_height_ntiles_per_core 63, instead 672 was selected as closest valid option! (conv2d_utils.cpp:466)
2026-09-29 13:04:30.045 | info     |              Op | act_block_h_override 1024 is not a valid override for padded_output_height_ntiles_per_core 500, instead 800 was selected as closest valid option! (conv2d_utils.cpp:466)
2026-09-29 13:04:30.045 | info     |              Op | act_block_h_override 1024 is not a valid override for padded_output_height_ntiles_per_core 63, instead 672 was selected as closest valid option! (conv2d_utils.cpp:466)
2026-09-29 13:04:30.746 | info     |              Op | act_block_h_override 1024 is not a valid override for padded_output_height_ntiles_per_core 63, instead 672 was selected as closest valid option! (conv2d_utils.cpp:466)
prepared, declared ROW_MAJOR: has inf False, min/max 0/69.5, PCC vs torch 0.999912
2026-09-29 13:04:31.767 | warning  |              Op | Conv2D DRAM doesn't support specifying memory config, as the output will always be DRAM Interleaved (conv2d.cpp:805)
2026-09-29 13:04:31.767 | info     |              Op | act_block_h_override 1024 is not a valid override for padded_output_height_ntiles_per_core 127, instead 32 was selected as closest valid option! (conv2d_utils.cpp:466)
2026-09-29 13:04:31.768 | info     |              Op | act_block_h_override 1024 is not a valid override for padded_output_height_ntiles_per_core 1000, instead 800 was selected as closest valid option! (conv2d_utils.cpp:466)
2026-09-29 13:04:31.768 | info     |              Op | act_block_h_override 1024 is not a valid override for padded_output_height_ntiles_per_core 125, instead 800 was selected as closest valid option! (conv2d_utils.cpp:466)
2026-09-29 13:04:31.768 | info     |              Op | act_block_h_override 1024 is not a valid override for padded_output_height_ntiles_per_core 500, instead 800 was selected as closest valid option! (conv2d_utils.cpp:466)
2026-09-29 13:04:31.768 | info     |              Op | act_block_h_override 1024 is not a valid override for padded_output_height_ntiles_per_core 63, instead 672 was selected as closest valid option! (conv2d_utils.cpp:466)
2026-09-29 13:04:31.768 | info     |              Op | act_block_h_override 1024 is not a valid override for padded_output_height_ntiles_per_core 500, instead 800 was selected as closest valid option! (conv2d_utils.cpp:466)
2026-09-29 13:04:31.769 | info     |              Op | act_block_h_override 1024 is not a valid override for padded_output_height_ntiles_per_core 63, instead 672 was selected as closest valid option! (conv2d_utils.cpp:466)
2026-09-29 13:04:31.769 | info     |              Op | act_block_h_override 1024 is not a valid override for padded_output_height_ntiles_per_core 500, instead 800 was selected as closest valid option! (conv2d_utils.cpp:466)
2026-09-29 13:04:31.769 | info     |              Op | act_block_h_override 1024 is not a valid override for padded_output_height_ntiles_per_core 63, instead 672 was selected as closest valid option! (conv2d_utils.cpp:466)
2026-09-29 13:04:31.770 | info     |              Op | act_block_h_override 1024 is not a valid override for padded_output_height_ntiles_per_core 63, instead 672 was selected as closest valid option! (conv2d_utils.cpp:466)
raw weight (no prepare): has inf False, min/max 0/69.5, PCC vs torch 0.999912
2026-09-29 13:04:33.147 | info     |    BuildKernels | JIT cache stats: 15/36 hits (41.7%) [15 cached, 13 build-once dedup, 0 merged artifacts, 0 merged genfiles] (build_cache_telemetry.cpp:207)
2026-09-29 13:04:33.148 | info     |    BuildKernels | JIT telemetry: 3 registered TelemetryTokens (build_cache_telemetry.cpp:230)
2026-09-29 13:04:33.150 | info     |          Device | Closing user mode device drivers (tt_cluster.cpp:550)
2026-09-29 13:04:33.150 | info     |             UMD | Closing devices in cluster (cluster.cpp:1218)
2026-09-29 13:04:33.155 | info     |             UMD | Closing devices in cluster completed. (cluster.cpp:1227)
2026-09-29 13:04:33.155 | info     |             UMD | Cluster destructor started. (cluster.cpp:933)
2026-09-29 13:04:33.155 | info     |             UMD | Cluster destructor completed. (cluster.cpp:936)
